0 verbose cli D:\frontsoftware\nvmlist\install\nodejs\node.exe D:\frontsoftware\nvmlist\install\nodejs\node_modules\npm\bin\npm-cli.js
1 info using npm@11.19.0
2 info using node@v24.21.0
3 silly config load:file:D:\frontsoftware\nvmlist\install\nvm\v24.21.0\node_modules\npm\npmrc
4 silly config load:file:E:\temp\frontproject\tts-maplibre-remotion-video\.npmrc
5 silly config load:file:C:\Users\xuyupan\.npmrc
6 silly config load:file:E:\aiSoftware\npm\global\etc\npmrc
7 verbose title npm install
8 verbose argv "install" "--ignore-scripts" "--cache" ".npm-cache"
9 verbose logfile logs-max:10 dir:E:\temp\frontproject\tts-maplibre-remotion-video\.npm-cache\_logs\2026-09-29T07_45_06_894Z-
10 verbose logfile E:\temp\frontproject\tts-maplibre-remotion-video\.npm-cache\_logs\2026-09-29T07_45_06_894Z-debug-0.log
11 silly logfile done cleaning log files
12 silly packumentCache heap:4496293888 maxSize:1124073472 maxEntrySize:562036736
13 silly idealTree buildDeps
14 verbose shrinkwrap failed to load node_modules/.package-lock.json out of date, updated: node_modules
15 silly reify moves {}
16 silly audit bulk request {
16 silly audit   '@babel/code-frame': [ '7.29.7' ],
16 silly audit   '@babel/compat-data': [ '7.29.7' ],
16 silly audit   '@babel/core': [ '7.29.7' ],
16 silly audit   '@babel/parser': [ '7.29.9', '7.24.1' ],
16 silly audit   '@babel/types': [ '7.29.8', '7.24.0' ],
16 silly audit   semver: [ '6.3.1', '7.8.5', '7.5.3' ],
16 silly audit   '@babel/generator': [ '7.29.8' ],
16 silly audit   '@babel/helper-compilation-targets': [ '7.29.7' ],
16 silly audit   '@babel/helper-globals': [ '7.29.7' ],
16 silly audit   '@babel/helper-module-imports': [ '7.29.7' ],
16 silly audit   '@babel/helper-module-transforms': [ '7.29.7' ],
16 silly audit   '@babel/helper-string-parser': [ '7.29.7' ],
16 silly audit   '@babel/helper-validator-identifier': [ '7.29.7' ],
16 silly audit   '@babel/helper-validator-option': [ '7.29.7' ],
16 silly audit   '@babel/helpers': [ '7.29.7' ],
16 silly audit   '@babel/template': [ '7.29.7' ],
16 silly audit   '@babel/traverse': [ '7.29.8' ],
16 silly audit   '@emnapi/core': [ '1.11.3' ],
16 silly audit   '@emnapi/runtime': [ '1.11.3' ],
16 silly audit   '@emnapi/wasi-threads': [ '1.2.3' ],
16 silly audit   '@esbuild/aix-ppc64': [ '0.28.1' ],
16 silly audit   '@esbuild/android-arm': [ '0.28.1' ],
16 silly audit   '@esbuild/android-arm64': [ '0.28.1' ],
16 silly audit   '@esbuild/android-x64': [ '0.28.1' ],
16 silly audit   '@esbuild/darwin-arm64': [ '0.28.1' ],
16 silly audit   '@esbuild/darwin-x64': [ '0.28.1' ],
16 silly audit   '@esbuild/freebsd-arm64': [ '0.28.1' ],
16 silly audit   '@esbuild/freebsd-x64': [ '0.28.1' ],
16 silly audit   '@esbuild/linux-arm': [ '0.28.1' ],
16 silly audit   '@esbuild/linux-arm64': [ '0.28.1' ],
16 silly audit   '@esbuild/linux-ia32': [ '0.28.1' ],
16 silly audit   '@esbuild/linux-loong64': [ '0.28.1' ],
16 silly audit   '@esbuild/linux-mips64el': [ '0.28.1' ],
16 silly audit   '@esbuild/linux-ppc64': [ '0.28.1' ],
16 silly audit   '@esbuild/linux-riscv64': [ '0.28.1' ],
16 silly audit   '@esbuild/linux-s390x': [ '0.28.1' ],
16 silly audit   '@esbuild/linux-x64': [ '0.28.1' ],
16 silly audit   '@esbuild/netbsd-arm64': [ '0.28.1' ],
16 silly audit   '@esbuild/netbsd-x64': [ '0.28.1' ],
16 silly audit   '@esbuild/openbsd-arm64': [ '0.28.1' ],
16 silly audit   '@esbuild/openbsd-x64': [ '0.28.1' ],
16 silly audit   '@esbuild/openharmony-arm64': [ '0.28.1' ],
16 silly audit   '@esbuild/sunos-x64': [ '0.28.1' ],
16 silly audit   '@esbuild/win32-arm64': [ '0.28.1' ],
16 silly audit   '@esbuild/win32-ia32': [ '0.28.1' ],
16 silly audit   '@esbuild/win32-x64': [ '0.28.1' ],
16 silly audit   '@jridgewell/gen-mapping': [ '0.3.13' ],
16 silly audit   '@jridgewell/remapping': [ '2.3.5' ],
16 silly audit   '@jridgewell/resolve-uri': [ '3.1.2' ],
16 silly audit   '@jridgewell/source-map': [ '0.3.11' ],
16 silly audit   '@jridgewell/sourcemap-codec': [ '1.6.0' ],
16 silly audit   '@jridgewell/trace-mapping': [ '0.3.31' ],
16 silly audit   '@mediabunny/aac-encoder': [ '1.56.1' ],
16 silly audit   '@mediabunny/flac-encoder': [ '1.56.1' ],
16 silly audit   '@mediabunny/mp3-encoder': [ '1.56.1' ],
16 silly audit   '@module-federation/error-codes': [ '0.22.0' ],
16 silly audit   '@module-federation/runtime': [ '0.22.0' ],
16 silly audit   '@module-federation/runtime-core': [ '0.22.0' ],
16 silly audit   '@module-federation/runtime-tools': [ '0.22.0' ],
16 silly audit   '@module-federation/sdk': [ '0.22.0' ],
16 silly audit   '@module-federation/webpack-bundler-runtime': [ '0.22.0' ],
16 silly audit   '@napi-rs/wasm-runtime': [ '1.0.7' ],
16 silly audit   '@remotion/bundler': [ '4.0.529' ],
16 silly audit   '@remotion/canvas': [ '4.0.529' ],
16 silly audit   '@remotion/captions': [ '4.0.529' ],
16 silly audit   '@remotion/cli': [ '4.0.529' ],
16 silly audit   '@remotion/codemods': [ '4.0.529' ],
16 silly audit   '@remotion/compositor-darwin-arm64': [ '4.0.529' ],
16 silly audit   '@remotion/compositor-darwin-x64': [ '4.0.529' ],
16 silly audit   '@remotion/compositor-linux-arm64-gnu': [ '4.0.529' ],
16 silly audit   '@remotion/compositor-linux-arm64-musl': [ '4.0.529' ],
16 silly audit   '@remotion/compositor-linux-x64-gnu': [ '4.0.529' ],
16 silly audit   '@remotion/compositor-linux-x64-musl': [ '4.0.529' ],
16 silly audit   '@remotion/compositor-win32-x64-msvc': [ '4.0.529' ],
16 silly audit   '@remotion/licensing': [ '4.0.529' ],
16 silly audit   '@remotion/media': [ '4.0.529' ],
16 silly audit   '@remotion/media-parser': [ '4.0.529' ],
16 silly audit   '@remotion/media-utils': [ '4.0.529' ],
16 silly audit   zod: [ '4.5.4', '4.6.5' ],
16 silly audit   '@remotion/paths': [ '4.0.529' ],
16 silly audit   '@remotion/player': [ '4.0.529' ],
16 silly audit   '@remotion/renderer': [ '4.0.529' ],
16 silly audit   '@remotion/streaming': [ '4.0.529' ],
16 silly audit   '@remotion/studio': [ '4.0.529' ],
16 silly audit   '@remotion/studio-protocol': [ '4.0.529' ],
16 silly audit   '@remotion/studio-server': [ '4.0.529' ],
16 silly audit   '@remotion/studio-shared': [ '4.0.529' ],
16 silly audit   '@remotion/timeline-utils': [ '4.0.529' ],
16 silly audit   '@remotion/web-renderer': [ '4.0.529' ],
16 silly audit   '@remotion/zod-types': [ '4.0.529' ],
16 silly audit   '@rspack/binding': [ '1.7.11' ],
16 silly audit   '@rspack/binding-darwin-arm64': [ '1.7.11' ],
16 silly audit   '@rspack/binding-darwin-x64': [ '1.7.11' ],
16 silly audit   '@rspack/binding-linux-arm64-gnu': [ '1.7.11' ],
16 silly audit   '@rspack/binding-linux-arm64-musl': [ '1.7.11' ],
16 silly audit   '@rspack/binding-linux-x64-gnu': [ '1.7.11' ],
16 silly audit   '@rspack/binding-linux-x64-musl': [ '1.7.11' ],
16 silly audit   '@rspack/binding-wasm32-wasi': [ '1.7.11' ],
16 silly audit   '@rspack/binding-win32-arm64-msvc': [ '1.7.11' ],
16 silly audit   '@rspack/binding-win32-ia32-msvc': [ '1.7.11' ],
16 silly audit   '@rspack/binding-win32-x64-msvc': [ '1.7.11' ],
16 silly audit   '@rspack/core': [ '1.7.11' ],
16 silly audit   '@rspack/lite-tapable': [ '1.1.0' ],
16 silly audit   '@rspack/plugin-react-refresh': [ '1.6.1' ],
16 silly audit   '@svgr/babel-plugin-add-jsx-attribute': [ '8.0.0' ],
16 silly audit   '@svgr/babel-plugin-remove-jsx-attribute': [ '8.0.0' ],
16 silly audit   '@svgr/babel-plugin-remove-jsx-empty-expression': [ '8.0.0' ],
16 silly audit   '@svgr/babel-plugin-replace-jsx-attribute-value': [ '8.0.0' ],
16 silly audit   '@svgr/babel-plugin-svg-dynamic-title': [ '8.0.0' ],
16 silly audit   '@svgr/babel-plugin-svg-em-dimensions': [ '8.0.0' ],
16 silly audit   '@svgr/babel-plugin-transform-react-native-svg': [ '8.1.0' ],
16 silly audit   '@svgr/babel-plugin-transform-svg-component': [ '8.0.0' ],
16 silly audit   '@svgr/babel-preset': [ '8.1.0' ],
16 silly audit   '@svgr/core': [ '8.1.0' ],
16 silly audit   '@svgr/hast-util-to-babel-ast': [ '8.0.0' ],
16 silly audit   '@svgr/plugin-jsx': [ '8.1.0' ],
16 silly audit   '@tanstack/react-virtual': [ '3.14.9' ],
16 silly audit   '@tanstack/virtual-core': [ '3.17.7' ],
16 silly audit   '@turf/centroid': [ '7.4.0' ],
16 silly audit   '@turf/helpers': [ '7.4.0' ],
16 silly audit   '@turf/meta': [ '7.4.0' ],
16 silly audit   '@tybys/wasm-util': [ '0.10.4' ],
16 silly audit   '@types/d3-geo': [ '3.1.1' ],
16 silly audit   '@types/dom-mediacapture-transform': [ '0.1.12' ],
16 silly audit   '@types/dom-webcodecs': [ '0.1.13' ],
16 silly audit   '@types/eslint': [ '9.6.1' ],
16 silly audit   '@types/eslint-scope': [ '3.7.7' ],
16 silly audit   '@types/estree': [ '1.0.9' ],
16 silly audit   '@types/geojson': [ '7946.0.16' ],
16 silly audit   '@types/json-schema': [ '7.0.15' ],
16 silly audit   '@types/node': [ '26.6.3' ],
16 silly audit   '@types/react': [ '19.3.0' ],
16 silly audit   '@types/react-dom': [ '19.3.0' ],
16 silly audit   '@webassemblyjs/ast': [ '1.14.1' ],
16 silly audit   '@webassemblyjs/floating-point-hex-parser': [ '1.13.2' ],
16 silly audit   '@webassemblyjs/helper-api-error': [ '1.13.2' ],
16 silly audit   '@webassemblyjs/helper-buffer': [ '1.14.1' ],
16 silly audit   '@webassemblyjs/helper-numbers': [ '1.13.2' ],
16 silly audit   '@webassemblyjs/helper-wasm-bytecode': [ '1.13.2' ],
16 silly audit   '@webassemblyjs/helper-wasm-section': [ '1.14.1' ],
16 silly audit   '@webassemblyjs/ieee754': [ '1.13.2' ],
16 silly audit   '@webassemblyjs/leb128': [ '1.13.2' ],
16 silly audit   '@webassemblyjs/utf8': [ '1.13.2' ],
16 silly audit   '@webassemblyjs/wasm-edit': [ '1.14.1' ],
16 silly audit   '@webassemblyjs/wasm-gen': [ '1.14.1' ],
16 silly audit   '@webassemblyjs/wasm-opt': [ '1.14.1' ],
16 silly audit   '@webassemblyjs/wasm-parser': [ '1.14.1' ],
16 silly audit   '@webassemblyjs/wast-printer': [ '1.14.1' ],
16 silly audit   '@xtuc/ieee754': [ '1.2.0' ],
16 silly audit   '@xtuc/long': [ '4.2.2' ],
16 silly audit   acorn: [ '8.18.0' ],
16 silly audit   'acorn-import-phases': [ '1.0.4' ],
16 silly audit   'adler-32': [ '1.3.1' ],
16 silly audit   ajv: [ '8.20.0' ],
16 silly audit   'ajv-formats': [ '3.0.1' ],
16 silly audit   'ajv-keywords': [ '5.1.0' ],
16 silly audit   argparse: [ '2.0.1' ],
16 silly audit   'ast-types': [ '0.16.1' ],
16 silly audit   'baseline-browser-mapping': [ '2.11.26' ],
16 silly audit   browserslist: [ '4.29.2' ],
16 silly audit   'buffer-from': [ '1.1.2' ],
16 silly audit   callsites: [ '3.1.0' ],
16 silly audit   camelcase: [ '6.3.0' ],
16 silly audit   'caniuse-lite': [ '1.0.30001813' ],
16 silly audit   cfb: [ '1.2.2' ],
16 silly audit   'chrome-trace-event': [ '1.0.4' ],
16 silly audit   codepage: [ '1.15.0' ],
16 silly audit   commander: [ '2.20.3' ],
16 silly audit   'convert-source-map': [ '2.0.0' ],
16 silly audit   cosmiconfig: [ '8.3.6' ],
16 silly audit   'crc-32': [ '1.2.2' ],
16 silly audit   'cross-spawn': [ '7.0.6' ],
16 silly audit   'css-loader': [ '7.1.4' ],
16 silly audit   cssesc: [ '3.0.0' ],
16 silly audit   csstype: [ '3.2.3' ],
16 silly audit   'd3-array': [ '3.2.4' ],
16 silly audit   'd3-geo': [ '3.1.1' ],
16 silly audit   debug: [ '4.4.3' ],
16 silly audit   'define-lazy-prop': [ '2.0.0' ],
16 silly audit   'dot-case': [ '3.0.4' ],
16 silly audit   dotenv: [ '17.3.1' ],
16 silly audit   'electron-to-chromium': [ '1.5.440' ],
16 silly audit   'enhanced-resolve': [ '5.25.1' ],
16 silly audit   entities: [ '4.5.0' ],
16 silly audit   'error-ex': [ '1.3.4' ],
16 silly audit   'error-stack-parser': [ '2.1.4' ],
16 silly audit   'es-module-lexer': [ '2.3.2' ],
16 silly audit   esbuild: [ '0.28.1' ],
16 silly audit   escalade: [ '3.2.0' ],
16 silly audit   'eslint-scope': [ '5.1.1' ],
16 silly audit   esprima: [ '4.0.1' ],
16 silly audit   esrecurse: [ '4.3.0' ],
16 silly audit   estraverse: [ '5.3.0', '4.3.0' ],
16 silly audit   events: [ '3.3.0' ],
16 silly audit   execa: [ '5.1.1' ],
16 silly audit   'fast-deep-equal': [ '3.1.3' ],
16 silly audit   'fast-uri': [ '3.1.8' ],
16 silly audit   frac: [ '1.1.2' ],
16 silly audit   'fs-monkey': [ '1.0.3' ],
16 silly audit   fsevents: [ '2.3.3' ],
16 silly audit   gensync: [ '1.0.0-beta.2' ],
16 silly audit   'get-stream': [ '6.0.1' ],
16 silly audit   'glob-to-regexp': [ '0.4.1' ],
16 silly audit   'graceful-fs': [ '4.2.11' ],
16 silly audit   'has-flag': [ '4.0.0' ],
16 silly audit   'html-entities': [ '2.6.0' ],
16 silly audit   'human-signals': [ '2.1.0' ],
16 silly audit   'icss-utils': [ '5.1.0' ],
16 silly audit   'import-fresh': [ '3.3.1' ],
16 silly audit   internmap: [ '2.0.3' ],
16 silly audit   'is-arrayish': [ '0.2.1' ],
16 silly audit   'is-docker': [ '2.2.1' ],
16 silly audit   'is-stream': [ '2.0.1' ],
16 silly audit   'is-wsl': [ '2.2.0' ],
16 silly audit   isexe: [ '2.0.0' ],
16 silly audit   'jest-worker': [ '27.5.1' ],
16 silly audit   'js-tokens': [ '4.0.0' ],
16 silly audit   'js-yaml': [ '4.3.2' ],
16 silly audit   jsesc: [ '3.1.0' ],
16 silly audit   'json-parse-even-better-errors': [ '2.3.1' ],
16 silly audit   'json-schema-traverse': [ '1.0.0' ],
16 silly audit   json5: [ '2.2.3' ],
16 silly audit   'kiwi-schema': [ '0.5.0' ],
16 silly audit   kleur: [ '3.0.3' ],
16 silly audit   'lines-and-columns': [ '1.2.4' ],
16 silly audit   'loader-runner': [ '4.3.2' ],
16 silly audit   'lower-case': [ '2.0.2' ],
16 silly audit   'lru-cache': [ '5.1.1', '6.0.0' ],
16 silly audit   mediabunny: [ '1.56.1' ],
16 silly audit   memfs: [ '3.4.3' ],
16 silly audit   'merge-stream': [ '2.0.0' ],
16 silly audit   'mime-db': [ '1.52.0' ],
16 silly audit   'mime-types': [ '2.1.35' ],
16 silly audit   'mimic-fn': [ '2.1.0' ],
16 silly audit   minimist: [ '1.2.6' ],
16 silly audit   ms: [ '2.1.3' ],
16 silly audit   nanoid: [ '3.3.19' ],
16 silly audit   'neo-async': [ '2.6.2' ],
16 silly audit   'no-case': [ '3.0.4' ],
16 silly audit   'node-releases': [ '2.0.57' ],
16 silly audit   'npm-run-path': [ '4.0.1' ],
16 silly audit   onetime: [ '5.1.2' ],
16 silly audit   open: [ '8.4.2' ],
16 silly audit   'parent-module': [ '1.0.1' ],
16 silly audit   'parse-json': [ '5.2.0' ],
16 silly audit   'path-key': [ '3.1.1' ],
16 silly audit   'path-type': [ '4.0.0' ],
16 silly audit   picocolors: [ '1.1.1' ],
16 silly audit   postcss: [ '8.5.28' ],
16 silly audit   'postcss-modules-extract-imports': [ '3.1.0' ],
16 silly audit   'postcss-modules-local-by-default': [ '4.2.0' ],
16 silly audit   'postcss-modules-scope': [ '3.2.1' ],
16 silly audit   'postcss-modules-values': [ '4.0.0' ],
16 silly audit   'postcss-selector-parser': [ '7.1.6' ],
16 silly audit   'postcss-value-parser': [ '4.2.0' ],
16 silly audit   prismjs: [ '1.30.0' ],
16 silly audit   prompts: [ '2.4.2' ],
16 silly audit   react: [ '19.3.0' ],
16 silly audit   'react-dom': [ '19.3.0' ],
16 silly audit   'react-refresh': [ '0.18.0' ],
16 silly audit   recast: [ '0.23.21' ],
16 silly audit   'source-map': [ '0.6.1', '0.8.0' ],
16 silly audit   remotion: [ '4.0.529' ],
16 silly audit   'require-from-string': [ '2.0.2' ],
16 silly audit   'resolve-from': [ '4.0.0' ],
16 silly audit   scheduler: [ '0.28.0' ],
16 silly audit   'schema-utils': [ '4.5.0' ],
16 silly audit   yallist: [ '4.0.0', '3.1.1' ],
16 silly audit   'shebang-command': [ '2.0.0' ],
16 silly audit   'shebang-regex': [ '3.0.0' ],
16 silly audit   'signal-exit': [ '3.0.7' ],
16 silly audit   sisteransi: [ '1.0.5' ],
16 silly audit   'snake-case': [ '3.0.4' ],
16 silly audit   'source-map-js': [ '1.2.1' ],
16 silly audit   'source-map-support': [ '0.5.21' ],
16 silly audit   ssf: [ '0.11.2' ],
16 silly audit   stackframe: [ '1.3.4' ],
16 silly audit   'strip-final-newline': [ '2.0.0' ],
16 silly audit   'style-loader': [ '4.0.0' ],
16 silly audit   'supports-color': [ '8.1.1' ],
16 silly audit   'svg-parser': [ '2.1.0' ],
16 silly audit   tapable: [ '2.3.3' ],
16 silly audit   terser: [ '5.51.2' ],
16 silly audit   'terser-webpack-plugin': [ '5.6.1' ],
16 silly audit   'tiny-invariant': [ '1.3.3' ],
16 silly audit   'to-fast-properties': [ '2.0.0' ],
16 silly audit   tslib: [ '2.8.1' ],
16 silly audit   tsx: [ '4.23.15' ],
16 silly audit   typescript: [ '5.9.3' ],
16 silly audit   'undici-types': [ '8.9.0' ],
16 silly audit   'update-browserslist-db': [ '1.3.3' ],
16 silly audit   'util-deprecate': [ '1.0.2' ],
16 silly audit   watchpack: [ '2.5.2' ],
16 silly audit   webpack: [ '5.105.0' ],
16 silly audit   'webpack-sources': [ '3.6.0' ],
16 silly audit   which: [ '2.0.2' ],
16 silly audit   wmf: [ '1.0.2' ],
16 silly audit   word: [ '0.3.0' ],
16 silly audit   ws: [ '8.21.0' ],
16 silly audit   xlsx: [ '0.18.5' ]
16 silly audit }
17 http fetch POST 404 https://registry.npmmirror.com/-/npm/v1/security/advisories/bulk 150ms
18 verbose audit error HttpErrorGeneral: 404 Not Found - POST https://registry.npmmirror.com/-/npm/v1/security/advisories/bulk - [NOT_IMPLEMENTED] /-/npm/v1/security/* not implemented yet
18 verbose audit error     at D:\frontsoftware\nvmlist\install\nvm\v24.21.0\node_modules\npm\node_modules\npm-registry-fetch\lib\check-response.js:103:15
18 verbose audit error     at process.processTicksAndRejections (node:internal/process/task_queues:104:5)
18 verbose audit error     at async #getReport (D:\frontsoftware\nvmlist\install\nvm\v24.21.0\node_modules\npm\node_modules\@npmcli\arborist\lib\audit-report.js:334:19)
18 verbose audit error     at async AuditReport.run (D:\frontsoftware\nvmlist\install\nvm\v24.21.0\node_modules\npm\node_modules\@npmcli\arborist\lib\audit-report.js:101:19)
18 verbose audit error     at async Arborist.reify (D:\frontsoftware\nvmlist\install\nvm\v24.21.0\node_modules\npm\node_modules\@npmcli\arborist\lib\arborist\reify.js:297:24)
18 verbose audit error     at async Install.exec (D:\frontsoftware\nvmlist\install\nvm\v24.21.0\node_modules\npm\lib\commands\install.js:158:5)
18 verbose audit error     at async Npm.exec (D:\frontsoftware\nvmlist\install\nvm\v24.21.0\node_modules\npm\lib\npm.js:193:9)
18 verbose audit error     at async module.exports (D:\frontsoftware\nvmlist\install\nvm\v24.21.0\node_modules\npm\lib\cli\entry.js:67:5) {
18 verbose audit error   headers: [Object: null prototype] {
18 verbose audit error     server: [ 'Tengine' ],
18 verbose audit error     date: [ 'Tue, 29 Sep 2026 07:45:08 GMT' ],
18 verbose audit error     'content-type': [ 'application/json' ],
18 verbose audit error     'transfer-encoding': [ 'chunked' ],
18 verbose audit error     connection: [ 'keep-alive' ],
18 verbose audit error     'strict-transport-security': [ 'max-age=5184000' ],
18 verbose audit error     via: [ 'kunlun9.cn8884[,404666]' ],
18 verbose audit error     'timing-allow-origin': [ '*' ],
18 verbose audit error     eagleid: [ '78e23b9f17906679089537368e' ],
18 verbose audit error     'x-fetch-attempts': [ '1' ]
18 verbose audit error   },
18 verbose audit error   statusCode: 404,
18 verbose audit error   code: 'E404',
18 verbose audit error   method: 'POST',
18 verbose audit error   uri: 'https://registry.npmmirror.com/-/npm/v1/security/advisories/bulk',
18 verbose audit error   body: {
18 verbose audit error     error: '[NOT_IMPLEMENTED] /-/npm/v1/security/* not implemented yet'
18 verbose audit error   },
18 verbose audit error   pkgid: undefined
18 verbose audit error }
19 silly audit error [object Object]
20 silly audit report null
21 verbose cwd E:\temp\frontproject\tts-maplibre-remotion-video
22 verbose os Windows_NT 10.0.26200
23 verbose node v24.21.0
24 verbose npm  v11.19.0
25 verbose exit 0
26 info ok
